1: 1
2: 2
3: 3
4: 4
5: 5
6: 6
7: 7
8: 8
9: 9
10: 10
11: 11
12: 12
13: 13
14: 14
15: 15
16: 16
17: 17
18: 18
19: 19
20: 20
21: 21
22: 22
23: 23
24: 24
25: 25
26: 26
27: 27
28: 28
29: 29
30: 30
31: 31
32: 32
33: 33
34: 34
35: 35
36: 36
37: 37
38: 38
39: 39
40: 40
41: 41
42: 42
43: 43
44: 44
45: 45
46: 46
47: 47
48: 48
49: 49
50: 50
51: 51
52: 52
53: 53
54: 54
55: 55
56: 56
57: 57
58: 58
59: 59
60: 60
61: 61
62: 62
63: 63
64: 64
65: 65
66: 66
67: 67
68: 68
69: 69
70: 70
71: 71
72: 72
73: 73
74: 74
75: 75
76: 76
77: 77
78: 78
79: 79
80: 80
81: 81
82: 82
83: 83
84: 84
85: 85
86: 86
87: 87
88: 88
89: 89
90: 90
91: 91
92: 92
93: 93
94: 94
95: 95
96: 96
97: 97
98: 98
99: 99
100: 100
101: 101
102: 102
103: 103
104: 104
105: 105
106: 106
107: 107
108: 108
109: 109
110: 110
111: 111
112: 112
113: 113
114: 114
115: 115
116: 116
117: 117
118: 118
119: 119
120: 120
121: 121
122: 122
123: 123
124: 124
125: 125
126: 126
127: 127
128: 128
129: 129
130: 130
131: 131
132: 132
133: 133
134: 134
135: 135
136: 136
137: 137
138: 138
139: 139
140: 140
141: 141
142: 142
143: 143
144: 144
145: 145
146: 146
147: 147
148: 148
149: 149
150: 150
151: 151
152: 152
153: 153
154: 154
155: 155
156: 156
157: 157
158: 158
159: 159
160: 160
161: 161
162: 162
163: 163
164: 164
165: 165
166: 166
167: 167
168: 168
169: 169
170: 170
171: 171
172: 172
173: 173
174: 174
175: 175
176: 176
177: 177
178: 178
179: 179
180: 180
181: 181
182: 182
183: 183
184: 184
185: 185
186: 186
187: 187
188: 188
189: 189
190: 190
191: 191
192: 192
193: 193
194: 194
195: 195
196: 196
197: 197
198: 198
199: 199
200: 200
201: 201
202: 202
203: 203
204: 204
205: 205
206: 206
207: 207
208: 208
209: 209
210: 210
211: 211
212: 212
213: 213
214: 214
215: 215
216: 216
217: 217
218: 218
219: 219
220: 220
221: 221
222: 222
223: 223
224: 224
225: 225
226: 226
227: 227
228: 228
229: 229
230: 230
231: 231
232: 232
233: 233
234: 234
235: 235
236: 236
237: 237
238: 238
239: 239
240: 240
241: 241
242: 242
243: 243
244: 244
245: 245
246: 246
247: 247
248: 248
249: 249
250: 250
271: 271
272: 272
273: 273
274: 274
275: 275
276: 276
277: 277
278: 278
279: 279
280: 280
301: 301
302: 302
303: 303
304: 304
305: 305
306: 306
307: 307
308: 308
309: 309
310: 310
321: 321
322: 322
323: 323
324: 324
325: 325
326: 326
327: 327
328: 328
329: 329
330: 330
351: 351
352: 352
353: 353
354: 354
355: 355
356: 356
357: 357
358: 358
359: 359
360: 360
381: 381
382: 382
383: 383
384: 384
385: 385
386: 386
387: 387
388: 388
389: 389
390: 390
411: 411
412: 412
413: 413
414: 414
415: 415
416: 416
417: 417
418: 418
419: 419
420: 420
441: 441
442: 442
443: 443
444: 444
445: 445
446: 446
447: 447
448: 448
449: 449
450: 450
471: 471
472: 472
473: 473
474: 474
475: 475
476: 476
477: 477
478: 478
479: 479
480: 480
491: 491
492: 492
493: 493
494: 494
495: 495
496: 496
497: 497
498: 498
499: 499
500: 500
521: 521
522: 522
523: 523
524: 524
525: 525
526: 526
527: 527
528: 528
529: 529
530: 530
551: 551
552: 552
553: 553
554: 554
555: 555
556: 556
557: 557
558: 558
559: 559
560: 560
581: 581
582: 582
583: 583
584: 584
585: 585
586: 586
587: 587
588: 588
589: 589
590: 590
611: 611
612: 612
613: 613
614: 614
615: 615
616: 616
617: 617
618: 618
619: 619
620: 620
641: 641
642: 642
643: 643
644: 644
645: 645
646: 646
647: 647
648: 648
649: 649
650: 650
671: 671
672: 672
673: 673
674: 674
675: 675
676: 676
677: 677
678: 678
679: 679
680: 680
691: 691
692: 692
693: 693
694: 694
695: 695
696: 696
697: 697
698: 698
699: 699
AMOUNT OF BUCKETS409
